type: app
version: "1.0"
platform: esp8266
platforms:
__ALL_PLATFORMS__
author: mongoose-os
description: My test app
sources:
- __APP_ROOT__/app/build/gen/mgos_deps_init.c
- __APP_ROOT__/libs/mylib1/src/mylib1_src1.c
- __APP_ROOT__/libs/mylib2/src/mylib2_src1.c
filesystem:
- __APP_ROOT__/libs/mylib1/fs/mylib1_file1
config_schema:
- - mylib1
  - o
  - title: mylib1 settings
build_vars:
  BOARD: ""
  MGOS: "1"
  MGOS_HAVE_CORE: "1"
  MGOS_HAVE_MYLIB1: "1"
  MGOS_HAVE_MYLIB2: "1"
cdefs:
  MGOS: "1"
  MGOS_HAVE_CORE: "1"
  MGOS_HAVE_MYLIB1: "1"
  MGOS_HAVE_MYLIB2: "1"
libs_version: "0.01"
modules_version: "0.01"
mongoose_os_version: "0.01"
manifest_version: "2018-08-29"
libs_handled:
- lib:
    origin: https://github.com/mongoose-os-libs/core
    location: https://github.com/mongoose-os-libs/core
    name: core
  path: __APP_ROOT__/libs/core
- lib:
    origin: https://github.com/mongoose-os-libs/mylib1
    location: https://github.com/mongoose-os-libs/mylib1
    name: mylib1
  path: __APP_ROOT__/libs/mylib1
  init_deps:
  - core
  sources:
  - __APP_ROOT__/libs/mylib1/src/mylib1_src1.c
- lib:
    origin: https://github.com/mongoose-os-libs/mylib2
    location: https://github.com/mongoose-os-libs/mylib2
    name: mylib2
  path: __APP_ROOT__/libs/mylib2
  init_deps:
  - core
  - mylib1
  sources:
  - __APP_ROOT__/libs/mylib2/src/mylib2_src1.c
init_deps:
- core
- mylib1
- mylib2
